Archive member included to satisfy reference by file (symbol)

c:/st/stm32cubeide_1.9.0/stm32cubeide/plugins/com.st.stm32cube.ide.mcu.externaltools.gnu-tools-for-stm32.10.3-2021.10.win32_1.0.100.202210260954/tools/bin/../lib/gcc/arm-none-eabi/10.3.1/../../../../arm-none-eabi/lib/thumb/v7-m/nofp\libc_nano.a(lib_a-errno.o)
                              ./Core/Src/syscalls.o (__errno)
c:/st/stm32cubeide_1.9.0/stm32cubeide/plugins/com.st.stm32cube.ide.mcu.externaltools.gnu-tools-for-stm32.10.3-2021.10.win32_1.0.100.202210260954/tools/bin/../lib/gcc/arm-none-eabi/10.3.1/../../../../arm-none-eabi/lib/thumb/v7-m/nofp\libc_nano.a(lib_a-exit.o)
                              c:/st/stm32cubeide_1.9.0/stm32cubeide/plugins/com.st.stm32cube.ide.mcu.externaltools.gnu-tools-for-stm32.10.3-2021.10.win32_1.0.100.202210260954/tools/bin/../lib/gcc/arm-none-eabi/10.3.1/../../../../arm-none-eabi/lib/thumb/v7-m/nofp/crt0.o (exit)
c:/st/stm32cubeide_1.9.0/stm32cubeide/plugins/com.st.stm32cube.ide.mcu.externaltools.gnu-tools-for-stm32.10.3-2021.10.win32_1.0.100.202210260954/tools/bin/../lib/gcc/arm-none-eabi/10.3.1/../../../../arm-none-eabi/lib/thumb/v7-m/nofp\libc_nano.a(lib_a-impure.o)
                              c:/st/stm32cubeide_1.9.0/stm32cubeide/plugins/com.st.stm32cube.ide.mcu.externaltools.gnu-tools-for-stm32.10.3-2021.10.win32_1.0.100.202210260954/tools/bin/../lib/gcc/arm-none-eabi/10.3.1/../../../../arm-none-eabi/lib/thumb/v7-m/nofp\libc_nano.a(lib_a-exit.o) (_global_impure_ptr)
c:/st/stm32cubeide_1.9.0/stm32cubeide/plugins/com.st.stm32cube.ide.mcu.externaltools.gnu-tools-for-stm32.10.3-2021.10.win32_1.0.100.202210260954/tools/bin/../lib/gcc/arm-none-eabi/10.3.1/../../../../arm-none-eabi/lib/thumb/v7-m/nofp\libc_nano.a(lib_a-init.o)
                              c:/st/stm32cubeide_1.9.0/stm32cubeide/plugins/com.st.stm32cube.ide.mcu.externaltools.gnu-tools-for-stm32.10.3-2021.10.win32_1.0.100.202210260954/tools/bin/../lib/gcc/arm-none-eabi/10.3.1/../../../../arm-none-eabi/lib/thumb/v7-m/nofp/crt0.o (__libc_init_array)
c:/st/stm32cubeide_1.9.0/stm32cubeide/plugins/com.st.stm32cube.ide.mcu.externaltools.gnu-tools-for-stm32.10.3-2021.10.win32_1.0.100.202210260954/tools/bin/../lib/gcc/arm-none-eabi/10.3.1/../../../../arm-none-eabi/lib/thumb/v7-m/nofp\libc_nano.a(lib_a-memset.o)
                              c:/st/stm32cubeide_1.9.0/stm32cubeide/plugins/com.st.stm32cube.ide.mcu.externaltools.gnu-tools-for-stm32.10.3-2021.10.win32_1.0.100.202210260954/tools/bin/../lib/gcc/arm-none-eabi/10.3.1/../../../../arm-none-eabi/lib/thumb/v7-m/nofp/crt0.o (memset)

Discarded input sections

 .text          0x0000000000000000        0x0 c:/st/stm32cubeide_1.9.0/stm32cubeide/plugins/com.st.stm32cube.ide.mcu.externaltools.gnu-tools-for-stm32.10.3-2021.10.win32_1.0.100.202210260954/tools/bin/../lib/gcc/arm-none-eabi/10.3.1/thumb/v7-m/nofp/crti.o
 .data          0x0000000000000000        0x0 c:/st/stm32cubeide_1.9.0/stm32cubeide/plugins/com.st.stm32cube.ide.mcu.externaltools.gnu-tools-for-stm32.10.3-2021.10.win32_1.0.100.202210260954/tools/bin/../lib/gcc/arm-none-eabi/10.3.1/thumb/v7-m/nofp/crti.o
 .bss           0x0000000000000000        0x0 c:/st/stm32cubeide_1.9.0/stm32cubeide/plugins/com.st.stm32cube.ide.mcu.externaltools.gnu-tools-for-stm32.10.3-2021.10.win32_1.0.100.202210260954/tools/bin/../lib/gcc/arm-none-eabi/10.3.1/thumb/v7-m/nofp/crti.o
 .data          0x0000000000000000        0x4 c:/st/stm32cubeide_1.9.0/stm32cubeide/plugins/com.st.stm32cube.ide.mcu.externaltools.gnu-tools-for-stm32.10.3-2021.10.win32_1.0.100.202210260954/tools/bin/../lib/gcc/arm-none-eabi/10.3.1/thumb/v7-m/nofp/crtbegin.o
 .rodata        0x0000000000000000       0x24 c:/st/stm32cubeide_1.9.0/stm32cubeide/plugins/com.st.stm32cube.ide.mcu.externaltools.gnu-tools-for-stm32.10.3-2021.10.win32_1.0.100.202210260954/tools/bin/../lib/gcc/arm-none-eabi/10.3.1/thumb/v7-m/nofp/crtbegin.o
 .text          0x0000000000000000       0x7c c:/st/stm32cubeide_1.9.0/stm32cubeide/plugins/com.st.stm32cube.ide.mcu.externaltools.gnu-tools-for-stm32.10.3-2021.10.win32_1.0.100.202210260954/tools/bin/../lib/gcc/arm-none-eabi/10.3.1/../../../../arm-none-eabi/lib/thumb/v7-m/nofp/crt0.o
 .data          0x0000000000000000        0x0 c:/st/stm32cubeide_1.9.0/stm32cubeide/plugins/com.st.stm32cube.ide.mcu.externaltools.gnu-tools-for-stm32.10.3-2021.10.win32_1.0.100.202210260954/tools/bin/../lib/gcc/arm-none-eabi/10.3.1/../../../../arm-none-eabi/lib/thumb/v7-m/nofp/crt0.o
 .bss           0x0000000000000000        0x0 c:/st/stm32cubeide_1.9.0/stm32cubeide/plugins/com.st.stm32cube.ide.mcu.externaltools.gnu-tools-for-stm32.10.3-2021.10.win32_1.0.100.202210260954/tools/bin/../lib/gcc/arm-none-eabi/10.3.1/../../../../arm-none-eabi/lib/thumb/v7-m/nofp/crt0.o
[...]
Memory Configuration

Name             Origin             Length             Attributes
RAM              0x0000000020000000 0x0000000000002800 xrw
FLASH            0x0000000008000000 0x0000000000008000 xr
*default*        0x0000000000000000 0xffffffffffffffff

Linker script and memory map

LOAD c:/st/stm32cubeide_1.9.0/stm32cubeide/plugins/com.st.stm32cube.ide.mcu.externaltools.gnu-tools-for-stm32.10.3-2021.10.win32_1.0.100.202210260954/tools/bin/../lib/gcc/arm-none-eabi/10.3.1/thumb/v7-m/nofp/crti.o
LOAD c:/st/stm32cubeide_1.9.0/stm32cubeide/plugins/com.st.stm32cube.ide.mcu.externaltools.gnu-tools-for-stm32.10.3-2021.10.win32_1.0.100.202210260954/tools/bin/../lib/gcc/arm-none-eabi/10.3.1/thumb/v7-m/nofp/crtbegin.o
LOAD c:/st/stm32cubeide_1.9.0/stm32cubeide/plugins/com.st.stm32cube.ide.mcu.externaltools.gnu-tools-for-stm32.10.3-2021.10.win32_1.0.100.202210260954/tools/bin/../lib/gcc/arm-none-eabi/10.3.1/../../../../arm-none-eabi/lib/thumb/v7-m/nofp/crt0.o
LOAD ./Core/Src/main.o
LOAD ./Core/Src/stm32f1xx_hal_msp.o
LOAD ./Core/Src/stm32f1xx_it.o
LOAD ./Core/Src/syscalls.o
LOAD ./Core/Src/sysmem.o
LOAD ./Core/Src/system_stm32f1xx.o
LOAD ./Core/Src/wrapper.o
LOAD ./Core/Startup/startup_stm32f103c6tx.o
LOAD ./Drivers/STM32F1xx_HAL_Driver/Src/stm32f1xx_hal.o
LOAD ./Drivers/STM32F1xx_HAL_Driver/Src/stm32f1xx_hal_can.o
LOAD ./Drivers/STM32F1xx_HAL_Driver/Src/stm32f1xx_hal_cortex.o
LOAD ./Drivers/STM32F1xx_HAL_Driver/Src/stm32f1xx_hal_dma.o
LOAD ./Drivers/STM32F1xx_HAL_Driver/Src/stm32f1xx_hal_exti.o
LOAD ./Drivers/STM32F1xx_HAL_Driver/Src/stm32f1xx_hal_flash.o
LOAD ./Drivers/STM32F1xx_HAL_Driver/Src/stm32f1xx_hal_flash_ex.o
LOAD ./Drivers/STM32F1xx_HAL_Driver/Src/stm32f1xx_hal_gpio.o
LOAD ./Drivers/STM32F1xx_HAL_Driver/Src/stm32f1xx_hal_gpio_ex.o
LOAD ./Drivers/STM32F1xx_HAL_Driver/Src/stm32f1xx_hal_pcd.o
LOAD ./Drivers/STM32F1xx_HAL_Driver/Src/stm32f1xx_hal_pcd_ex.o
LOAD ./Drivers/STM32F1xx_HAL_Driver/Src/stm32f1xx_hal_pwr.o
LOAD ./Drivers/STM32F1xx_HAL_Driver/Src/stm32f1xx_hal_rcc.o
LOAD ./Drivers/STM32F1xx_HAL_Driver/Src/stm32f1xx_hal_rcc_ex.o
LOAD ./Drivers/STM32F1xx_HAL_Driver/Src/stm32f1xx_hal_tim.o
LOAD ./Drivers/STM32F1xx_HAL_Driver/Src/stm32f1xx_hal_tim_ex.o
LOAD ./Drivers/STM32F1xx_HAL_Driver/Src/stm32f1xx_ll_usb.o
START GROUP
LOAD c:/st/stm32cubeide_1.9.0/stm32cubeide/plugins/com.st.stm32cube.ide.mcu.externaltools.gnu-tools-for-stm32.10.3-2021.10.win32_1.0.100.202210260954/tools/bin/../lib/gcc/arm-none-eabi/10.3.1/../../../../arm-none-eabi/lib/thumb/v7-m/nofp\libstdc++_nano.a
LOAD c:/st/stm32cubeide_1.9.0/stm32cubeide/plugins/com.st.stm32cube.ide.mcu.externaltools.gnu-tools-for-stm32.10.3-2021.10.win32_1.0.100.202210260954/tools/bin/../lib/gcc/arm-none-eabi/10.3.1/../../../../arm-none-eabi/lib/thumb/v7-m/nofp\libsupc++_nano.a
END GROUP
LOAD c:/st/stm32cubeide_1.9.0/stm32cubeide/plugins/com.st.stm32cube.ide.mcu.externaltools.gnu-tools-for-stm32.10.3-2021.10.win32_1.0.100.202210260954/tools/bin/../lib/gcc/arm-none-eabi/10.3.1/../../../../arm-none-eabi/lib/thumb/v7-m/nofp\libstdc++_nano.a
LOAD c:/st/stm32cubeide_1.9.0/stm32cubeide/plugins/com.st.stm32cube.ide.mcu.externaltools.gnu-tools-for-stm32.10.3-2021.10.win32_1.0.100.202210260954/tools/bin/../lib/gcc/arm-none-eabi/10.3.1/../../../../arm-none-eabi/lib/thumb/v7-m/nofp\libm.a
LOAD c:/st/stm32cubeide_1.9.0/stm32cubeide/plugins/com.st.stm32cube.ide.mcu.externaltools.gnu-tools-for-stm32.10.3-2021.10.win32_1.0.100.202210260954/tools/bin/../lib/gcc/arm-none-eabi/10.3.1/../../../../arm-none-eabi/lib/thumb/v7-m/nofp\libc_nano.a
START GROUP
LOAD c:/st/stm32cubeide_1.9.0/stm32cubeide/plugins/com.st.stm32cube.ide.mcu.externaltools.gnu-tools-for-stm32.10.3-2021.10.win32_1.0.100.202210260954/tools/bin/../lib/gcc/arm-none-eabi/10.3.1/thumb/v7-m/nofp\libgcc.a
LOAD c:/st/stm32cubeide_1.9.0/stm32cubeide/plugins/com.st.stm32cube.ide.mcu.externaltools.gnu-tools-for-stm32.10.3-2021.10.win32_1.0.100.202210260954/tools/bin/../lib/gcc/arm-none-eabi/10.3.1/../../../../arm-none-eabi/lib/thumb/v7-m/nofp\libc_nano.a
END GROUP
START GROUP
LOAD c:/st/stm32cubeide_1.9.0/stm32cubeide/plugins/com.st.stm32cube.ide.mcu.externaltools.gnu-tools-for-stm32.10.3-2021.10.win32_1.0.100.202210260954/tools/bin/../lib/gcc/arm-none-eabi/10.3.1/thumb/v7-m/nofp\libgcc.a
LOAD c:/st/stm32cubeide_1.9.0/stm32cubeide/plugins/com.st.stm32cube.ide.mcu.externaltools.gnu-tools-for-stm32.10.3-2021.10.win32_1.0.100.202210260954/tools/bin/../lib/gcc/arm-none-eabi/10.3.1/../../../../arm-none-eabi/lib/thumb/v7-m/nofp\libc_nano.a
LOAD c:/st/stm32cubeide_1.9.0/stm32cubeide/plugins/com.st.stm32cube.ide.mcu.externaltools.gnu-tools-for-stm32.10.3-2021.10.win32_1.0.100.202210260954/tools/bin/../lib/gcc/arm-none-eabi/10.3.1/../../../../arm-none-eabi/lib/thumb/v7-m/nofp\libnosys.a
END GROUP
START GROUP
LOAD c:/st/stm32cubeide_1.9.0/stm32cubeide/plugins/com.st.stm32cube.ide.mcu.externaltools.gnu-tools-for-stm32.10.3-2021.10.win32_1.0.100.202210260954/tools/bin/../lib/gcc/arm-none-eabi/10.3.1/thumb/v7-m/nofp\libgcc.a
LOAD c:/st/stm32cubeide_1.9.0/stm32cubeide/plugins/com.st.stm32cube.ide.mcu.externaltools.gnu-tools-for-stm32.10.3-2021.10.win32_1.0.100.202210260954/tools/bin/../lib/gcc/arm-none-eabi/10.3.1/../../../../arm-none-eabi/lib/thumb/v7-m/nofp\libc_nano.a
LOAD c:/st/stm32cubeide_1.9.0/stm32cubeide/plugins/com.st.stm32cube.ide.mcu.externaltools.gnu-tools-for-stm32.10.3-2021.10.win32_1.0.100.202210260954/tools/bin/../lib/gcc/arm-none-eabi/10.3.1/../../../../arm-none-eabi/lib/thumb/v7-m/nofp\libnosys.a
END GROUP
LOAD c:/st/stm32cubeide_1.9.0/stm32cubeide/plugins/com.st.stm32cube.ide.mcu.externaltools.gnu-tools-for-stm32.10.3-2021.10.win32_1.0.100.202210260954/tools/bin/../lib/gcc/arm-none-eabi/10.3.1/thumb/v7-m/nofp/crtend.o
LOAD c:/st/stm32cubeide_1.9.0/stm32cubeide/plugins/com.st.stm32cube.ide.mcu.externaltools.gnu-tools-for-stm32.10.3-2021.10.win32_1.0.100.202210260954/tools/bin/../lib/gcc/arm-none-eabi/10.3.1/thumb/v7-m/nofp/crtn.o
                0x0000000020002800                _estack = (ORIGIN (RAM) + LENGTH (RAM))
                0x0000000000000200                _Min_Heap_Size = 0x200
                0x0000000000000400                _Min_Stack_Size = 0x400

.isr_vector     0x0000000008000000      0x10c
                0x0000000008000000                . = ALIGN (0x4)
 *(.isr_vector)
 .isr_vector    0x0000000008000000      0x10c ./Core/Startup/startup_stm32f103c6tx.o
                0x0000000008000000                g_pfnVectors
                0x000000000800010c                . = ALIGN (0x4)

.text           0x000000000800010c     0x271c
                0x000000000800010c                . = ALIGN (0x4)
 *(.text)
 .text          0x000000000800010c       0x40 c:/st/stm32cubeide_1.9.0/stm32cubeide/plugins/com.st.stm32cube.ide.mcu.externaltools.gnu-tools-for-stm32.10.3-2021.10.win32_1.0.100.202210260954/tools/bin/../lib/gcc/arm-none-eabi/10.3.1/thumb/v7-m/nofp/crtbegin.o
 *(.text*)
 .text.main     0x000000000800014c       0x26 ./Core/Src/main.o
                0x000000000800014c                main
 .text.SystemClock_Config
                0x0000000008000172       0xb4 ./Core/Src/main.o
                0x0000000008000172                SystemClock_Config
 *fill*         0x0000000008000226        0x2 
 .text.MX_CAN_Init
                0x0000000008000228       0x6c ./Core/Src/main.o
 .text.MX_TIM1_Init
                0x0000000008000294      0x128 ./Core/Src/main.o
 .text.MX_TIM3_Init
                0x00000000080003bc       0xa8 ./Core/Src/main.o
 .text.MX_USB_PCD_Init
                0x0000000008000464       0x44 ./Core/Src/main.o
 .text.MX_GPIO_Init
                0x00000000080004a8       0xb0 ./Core/Src/main.o
 .text.Error_Handler
                0x0000000008000558        0xa ./Core/Src/main.o
                0x0000000008000558                Error_Handler
 *fill*         0x0000000008000562        0x2 
 .text.HAL_MspInit
                0x0000000008000564       0x64 ./Core/Src/stm32f1xx_hal_msp.o
                0x0000000008000564                HAL_MspInit
 .text.HAL_CAN_MspInit
                0x00000000080005c8       0xc0 ./Core/Src/stm32f1xx_hal_msp.o
                0x00000000080005c8                HAL_CAN_MspInit
 .text.HAL_TIM_PWM_MspInit
                0x0000000008000688       0x3c ./Core/Src/stm32f1xx_hal_msp.o
                0x0000000008000688                HAL_TIM_PWM_MspInit
 .text.HAL_TIM_Encoder_MspInit
                0x00000000080006c4       0xa4 ./Core/Src/stm32f1xx_hal_msp.o
                0x00000000080006c4                HAL_TIM_Encoder_MspInit
 .text.HAL_TIM_MspPostInit
                0x0000000008000768       0x68 ./Core/Src/stm32f1xx_hal_msp.o
                0x0000000008000768                HAL_TIM_MspPostInit
 .text.HAL_PCD_MspInit
                0x00000000080007d0       0x3c ./Core/Src/stm32f1xx_hal_msp.o
                0x00000000080007d0                HAL_PCD_MspInit
 .text.NMI_Handler
                0x000000000800080c        0x6 ./Core/Src/stm32f1xx_it.o
                0x000000000800080c                NMI_Handler
 .text.HardFault_Handler
                0x0000000008000812        0x6 ./Core/Src/stm32f1xx_it.o
                0x0000000008000812                HardFault_Handler
 .text.MemManage_Handler
                0x0000000008000818        0x6 ./Core/Src/stm32f1xx_it.o
                0x0000000008000818                MemManage_Handler
 .text.BusFault_Handler
                0x000000000800081e        0x6 ./Core/Src/stm32f1xx_it.o
                0x000000000800081e                BusFault_Handler
 .text.UsageFault_Handler
                0x0000000008000824        0x6 ./Core/Src/stm32f1xx_it.o
                0x0000000008000824                UsageFault_Handler
 .text.SVC_Handler
                0x000000000800082a        0xc ./Core/Src/stm32f1xx_it.o
                0x000000000800082a                SVC_Handler
 .text.DebugMon_Handler
                0x0000000008000836        0xc ./Core/Src/stm32f1xx_it.o
                0x0000000008000836                DebugMon_Handler
 .text.PendSV_Handler
                0x0000000008000842        0xc ./Core/Src/stm32f1xx_it.o
                0x0000000008000842                PendSV_Handler
 .text.SysTick_Handler
                0x000000000800084e        0xc ./Core/Src/stm32f1xx_it.o
                0x000000000800084e                SysTick_Handler
 .text.SystemInit
                0x000000000800085a        0xc ./Core/Src/system_stm32f1xx.o
                0x000000000800085a                SystemInit
 *fill*         0x0000000008000866        0x2 
 .text.main_cpp
                0x0000000008000868       0x40 ./Core/Src/wrapper.o
                0x0000000008000868                main_cpp
 .text.Reset_Handler
                0x00000000080008a8       0x48 ./Core/Startup/startup_stm32f103c6tx.o
                0x00000000080008a8                Reset_Handler
 .text.Default_Handler
                0x00000000080008f0        0x2 ./Core/Startup/startup_stm32f103c6tx.o
                0x00000000080008f0                RTC_Alarm_IRQHandler
                0x00000000080008f0                EXTI2_IRQHandler
                0x00000000080008f0                TIM1_CC_IRQHandler
                0x00000000080008f0                PVD_IRQHandler
                0x00000000080008f0                EXTI3_IRQHandler
                0x00000000080008f0                EXTI0_IRQHandler
                0x00000000080008f0                ADC1_2_IRQHandler
                0x00000000080008f0                SPI1_IRQHandler
                0x00000000080008f0                TAMPER_IRQHandler
                0x00000000080008f0                DMA1_Channel4_IRQHandler
                0x00000000080008f0                RTC_IRQHandler
                0x00000000080008f0                DMA1_Channel7_IRQHandler
                0x00000000080008f0                CAN1_RX1_IRQHandler
                0x00000000080008f0                I2C1_EV_IRQHandler
                0x00000000080008f0                DMA1_Channel6_IRQHandler
                0x00000000080008f0                TIM3_IRQHandler
                0x00000000080008f0                RCC_IRQHandler
                0x00000000080008f0                TIM1_TRG_COM_IRQHandler
                0x00000000080008f0                DMA1_Channel1_IRQHandler
                0x00000000080008f0                Default_Handler
                0x00000000080008f0                EXTI15_10_IRQHandler
                0x00000000080008f0                EXTI9_5_IRQHandler
                0x00000000080008f0                DMA1_Channel5_IRQHandler
                0x00000000080008f0                EXTI4_IRQHandler
                0x00000000080008f0                USB_LP_CAN1_RX0_IRQHandler
                0x00000000080008f0                USB_HP_CAN1_TX_IRQHandler
                0x00000000080008f0                DMA1_Channel3_IRQHandler
                0x00000000080008f0                TIM1_UP_IRQHandler
                0x00000000080008f0                WWDG_IRQHandler
                0x00000000080008f0                TIM2_IRQHandler
                0x00000000080008f0                TIM1_BRK_IRQHandler
                0x00000000080008f0                EXTI1_IRQHandler
                0x00000000080008f0                USART2_IRQHandler
                0x00000000080008f0                DMA1_Channel2_IRQHandler
                0x00000000080008f0                CAN1_SCE_IRQHandler
                0x00000000080008f0                FLASH_IRQHandler
                0x00000000080008f0                USART1_IRQHandler
                0x00000000080008f0                I2C1_ER_IRQHandler
                0x00000000080008f0                USBWakeUp_IRQHandler
 *fill*         0x00000000080008f2        0x2 
 .text.HAL_Init
                0x00000000080008f4       0x2c ./Drivers/STM32F1xx_HAL_Driver/Src/stm32f1xx_hal.o
                0x00000000080008f4                HAL_Init
 .text.HAL_InitTick
                0x0000000008000920       0x60 ./Drivers/STM32F1xx_HAL_Driver/Src/stm32f1xx_hal.o
                0x0000000008000920                HAL_InitTick
 .text.HAL_IncTick
                0x0000000008000980       0x24 ./Drivers/STM32F1xx_HAL_Driver/Src/stm32f1xx_hal.o
                0x0000000008000980                HAL_IncTick
 .text.HAL_GetTick
                0x00000000080009a4       0x14 ./Drivers/STM32F1xx_HAL_Driver/Src/stm32f1xx_hal.o
                0x00000000080009a4                HAL_GetTick
 .text.HAL_Delay
                0x00000000080009b8       0x48 ./Drivers/STM32F1xx_HAL_Driver/Src/stm32f1xx_hal.o
                0x00000000080009b8                HAL_Delay
 .text.HAL_CAN_Init
                0x0000000008000a00      0x1f6 ./Drivers/STM32F1xx_HAL_Driver/Src/stm32f1xx_hal_can.o
                0x0000000008000a00                HAL_CAN_Init
 *fill*         0x0000000008000bf6        0x2 
 .text.__NVIC_SetPriorityGrouping
                0x0000000008000bf8       0x48 ./Drivers/STM32F1xx_HAL_Driver/Src/stm32f1xx_hal_cortex.o
 .text.__NVIC_GetPriorityGrouping
                0x0000000008000c40       0x1c ./Drivers/STM32F1xx_HAL_Driver/Src/stm32f1xx_hal_cortex.o
 .text.__NVIC_SetPriority
                0x0000000008000c5c       0x54 ./Drivers/STM32F1xx_HAL_Driver/Src/stm32f1xx_hal_cortex.o
 .text.NVIC_EncodePriority
                0x0000000008000cb0       0x64 ./Drivers/STM32F1xx_HAL_Driver/Src/stm32f1xx_hal_cortex.o
 .text.SysTick_Config
                0x0000000008000d14       0x44 ./Drivers/STM32F1xx_HAL_Driver/Src/stm32f1xx_hal_cortex.o
 .text.HAL_NVIC_SetPriorityGrouping
                0x0000000008000d58       0x16 ./Drivers/STM32F1xx_HAL_Driver/Src/stm32f1xx_hal_cortex.o
                0x0000000008000d58                HAL_NVIC_SetPriorityGrouping
 .text.HAL_NVIC_SetPriority
                0x0000000008000d6e       0x38 ./Drivers/STM32F1xx_HAL_Driver/Src/stm32f1xx_hal_cortex.o
                0x0000000008000d6e                HAL_NVIC_SetPriority
 .text.HAL_SYSTICK_Config
                0x0000000008000da6       0x18 ./Drivers/STM32F1xx_HAL_Driver/Src/stm32f1xx_hal_cortex.o
                0x0000000008000da6                HAL_SYSTICK_Config
 *fill*         0x0000000008000dbe        0x2 
 .text.HAL_GPIO_Init
                0x0000000008000dc0      0x2f8 ./Drivers/STM32F1xx_HAL_Driver/Src/stm32f1xx_hal_gpio.o
                0x0000000008000dc0                HAL_GPIO_Init
 .text.HAL_GPIO_WritePin
                0x00000000080010b8       0x30 ./Drivers/STM32F1xx_HAL_Driver/Src/stm32f1xx_hal_gpio.o
                0x00000000080010b8                HAL_GPIO_WritePin
 .text.HAL_PCD_Init
                0x00000000080010e8      0x216 ./Drivers/STM32F1xx_HAL_Driver/Src/stm32f1xx_hal_pcd.o
                0x00000000080010e8                HAL_PCD_Init
 *fill*         0x00000000080012fe        0x2 
 .text.HAL_RCC_OscConfig
                0x0000000008001300      0x504 ./Drivers/STM32F1xx_HAL_Driver/Src/stm32f1xx_hal_rcc.o
                0x0000000008001300                HAL_RCC_OscConfig
 .text.HAL_RCC_ClockConfig
                0x0000000008001804      0x1d4 ./Drivers/STM32F1xx_HAL_Driver/Src/stm32f1xx_hal_rcc.o
                0x0000000008001804                HAL_RCC_ClockConfig
 .text.HAL_RCC_GetSysClockFreq
                0x00000000080019d8       0xbc ./Drivers/STM32F1xx_HAL_Driver/Src/stm32f1xx_hal_rcc.o
                0x00000000080019d8                HAL_RCC_GetSysClockFreq
 .text.RCC_Delay
                0x0000000008001a94       0x3c ./Drivers/STM32F1xx_HAL_Driver/Src/stm32f1xx_hal_rcc.o
 .text.HAL_RCCEx_PeriphCLKConfig
                0x0000000008001ad0      0x16c ./Drivers/STM32F1xx_HAL_Driver/Src/stm32f1xx_hal_rcc_ex.o
                0x0000000008001ad0                HAL_RCCEx_PeriphCLKConfig
 .text.HAL_TIM_PWM_Init
                0x0000000008001c3c       0x9e ./Drivers/STM32F1xx_HAL_Driver/Src/stm32f1xx_hal_tim.o
                0x0000000008001c3c                HAL_TIM_PWM_Init
 *fill*         0x0000000008001cda        0x2 
 .text.HAL_TIM_PWM_Start
                0x0000000008001cdc      0x138 ./Drivers/STM32F1xx_HAL_Driver/Src/stm32f1xx_hal_tim.o
                0x0000000008001cdc                HAL_TIM_PWM_Start
 .text.HAL_TIM_PWM_Stop
                0x0000000008001e14       0xc8 ./Drivers/STM32F1xx_HAL_Driver/Src/stm32f1xx_hal_tim.o
                0x0000000008001e14                HAL_TIM_PWM_Stop
 .text.HAL_TIM_Encoder_Init
                0x0000000008001edc      0x144 ./Drivers/STM32F1xx_HAL_Driver/Src/stm32f1xx_hal_tim.o
                0x0000000008001edc                HAL_TIM_Encoder_Init
 .text.HAL_TIM_PWM_ConfigChannel
                0x0000000008002020      0x17c ./Drivers/STM32F1xx_HAL_Driver/Src/stm32f1xx_hal_tim.o
                0x0000000008002020                HAL_TIM_PWM_ConfigChannel
 .text.TIM_Base_SetConfig
                0x000000000800219c       0xb0 ./Drivers/STM32F1xx_HAL_Driver/Src/stm32f1xx_hal_tim.o
                0x000000000800219c                TIM_Base_SetConfig
 .text.TIM_OC1_SetConfig
                0x000000000800224c       0xcc ./Drivers/STM32F1xx_HAL_Driver/Src/stm32f1xx_hal_tim.o
 .text.TIM_OC2_SetConfig
                0x0000000008002318       0xd4 ./Drivers/STM32F1xx_HAL_Driver/Src/stm32f1xx_hal_tim.o
                0x0000000008002318                TIM_OC2_SetConfig
 .text.TIM_OC3_SetConfig
                0x00000000080023ec       0xd4 ./Drivers/STM32F1xx_HAL_Driver/Src/stm32f1xx_hal_tim.o
 .text.TIM_OC4_SetConfig
                0x00000000080024c0       0x9c ./Drivers/STM32F1xx_HAL_Driver/Src/stm32f1xx_hal_tim.o
 .text.TIM_CCxChannelCmd
                0x000000000800255c       0x48 ./Drivers/STM32F1xx_HAL_Driver/Src/stm32f1xx_hal_tim.o
                0x000000000800255c                TIM_CCxChannelCmd
 .text.HAL_TIMEx_MasterConfigSynchronization
                0x00000000080025a4       0xb0 ./Drivers/STM32F1xx_HAL_Driver/Src/stm32f1xx_hal_tim_ex.o
                0x00000000080025a4                HAL_TIMEx_MasterConfigSynchronization
 .text.HAL_TIMEx_ConfigBreakDeadTime
                0x0000000008002654       0xa2 ./Drivers/STM32F1xx_HAL_Driver/Src/stm32f1xx_hal_tim_ex.o
                0x0000000008002654                HAL_TIMEx_ConfigBreakDeadTime
 .text.USB_CoreInit
                0x00000000080026f6       0x20 ./Drivers/STM32F1xx_HAL_Driver/Src/stm32f1xx_ll_usb.o
                0x00000000080026f6                USB_CoreInit
 .text.USB_DisableGlobalInt
                0x0000000008002716       0x34 ./Drivers/STM32F1xx_HAL_Driver/Src/stm32f1xx_ll_usb.o
                0x0000000008002716                USB_DisableGlobalInt
 .text.USB_SetCurrentMode
                0x000000000800274a       0x18 ./Drivers/STM32F1xx_HAL_Driver/Src/stm32f1xx_ll_usb.o
                0x000000000800274a                USB_SetCurrentMode
 .text.USB_DevInit
                0x0000000008002762       0x40 ./Drivers/STM32F1xx_HAL_Driver/Src/stm32f1xx_ll_usb.o
                0x0000000008002762                USB_DevInit
 .text.USB_DevDisconnect
                0x00000000080027a2       0x14 ./Drivers/STM32F1xx_HAL_Driver/Src/stm32f1xx_ll_usb.o
                0x00000000080027a2                USB_DevDisconnect
 *fill*         0x00000000080027b6        0x2 
 .text.__libc_init_array
                0x00000000080027b8       0x48 c:/st/stm32cubeide_1.9.0/stm32cubeide/plugins/com.st.stm32cube.ide.mcu.externaltools.gnu-tools-for-stm32.10.3-2021.10.win32_1.0.100.202210260954/tools/bin/../lib/gcc/arm-none-eabi/10.3.1/../../../../arm-none-eabi/lib/thumb/v7-m/nofp\libc_nano.a(lib_a-init.o)
                0x00000000080027b8                __libc_init_array
 .text.memset   0x0000000008002800       0x10 c:/st/stm32cubeide_1.9.0/stm32cubeide/plugins/com.st.stm32cube.ide.mcu.externaltools.gnu-tools-for-stm32.10.3-2021.10.win32_1.0.100.202210260954/tools/bin/../lib/gcc/arm-none-eabi/10.3.1/../../../../arm-none-eabi/lib/thumb/v7-m/nofp\libc_nano.a(lib_a-memset.o)
                0x0000000008002800                memset
 *(.glue_7)
 .glue_7        0x0000000008002810        0x0 linker stubs
 *(.glue_7t)
 .glue_7t       0x0000000008002810        0x0 linker stubs
 *(.eh_frame)
 .eh_frame      0x0000000008002810        0x0 c:/st/stm32cubeide_1.9.0/stm32cubeide/plugins/com.st.stm32cube.ide.mcu.externaltools.gnu-tools-for-stm32.10.3-2021.10.win32_1.0.100.202210260954/tools/bin/../lib/gcc/arm-none-eabi/10.3.1/thumb/v7-m/nofp/crtbegin.o
 *(.init)
 .init          0x0000000008002810        0x4 c:/st/stm32cubeide_1.9.0/stm32cubeide/plugins/com.st.stm32cube.ide.mcu.externaltools.gnu-tools-for-stm32.10.3-2021.10.win32_1.0.100.202210260954/tools/bin/../lib/gcc/arm-none-eabi/10.3.1/thumb/v7-m/nofp/crti.o
                0x0000000008002810                _init
 .init          0x0000000008002814        0x8 c:/st/stm32cubeide_1.9.0/stm32cubeide/plugins/com.st.stm32cube.ide.mcu.externaltools.gnu-tools-for-stm32.10.3-2021.10.win32_1.0.100.202210260954/tools/bin/../lib/gcc/arm-none-eabi/10.3.1/thumb/v7-m/nofp/crtn.o
 *(.fini)
 .fini          0x000000000800281c        0x4 c:/st/stm32cubeide_1.9.0/stm32cubeide/plugins/com.st.stm32cube.ide.mcu.externaltools.gnu-tools-for-stm32.10.3-2021.10.win32_1.0.100.202210260954/tools/bin/../lib/gcc/arm-none-eabi/10.3.1/thumb/v7-m/nofp/crti.o
                0x000000000800281c                _fini
 .fini          0x0000000008002820        0x8 c:/st/stm32cubeide_1.9.0/stm32cubeide/plugins/com.st.stm32cube.ide.mcu.externaltools.gnu-tools-for-stm32.10.3-2021.10.win32_1.0.100.202210260954/tools/bin/../lib/gcc/arm-none-eabi/10.3.1/thumb/v7-m/nofp/crtn.o
                0x0000000008002828                . = ALIGN (0x4)
                0x0000000008002828                _etext = .

.vfp11_veneer   0x0000000008002828        0x0
 .vfp11_veneer  0x0000000008002828        0x0 linker stubs

.v4_bx          0x0000000008002828        0x0
 .v4_bx         0x0000000008002828        0x0 linker stubs

.iplt           0x0000000008002828        0x0
 .iplt          0x0000000008002828        0x0 c:/st/stm32cubeide_1.9.0/stm32cubeide/plugins/com.st.stm32cube.ide.mcu.externaltools.gnu-tools-for-stm32.10.3-2021.10.win32_1.0.100.202210260954/tools/bin/../lib/gcc/arm-none-eabi/10.3.1/thumb/v7-m/nofp/crtbegin.o

.rodata         0x0000000008002828       0x20
                0x0000000008002828                . = ALIGN (0x4)
 *(.rodata)
 .rodata        0x0000000008002828       0x10 ./Drivers/STM32F1xx_HAL_Driver/Src/stm32f1xx_hal_rcc.o
 *(.rodata*)
 .rodata.AHBPrescTable
                0x0000000008002838       0x10 ./Core/Src/system_stm32f1xx.o
                0x0000000008002838                AHBPrescTable
                0x0000000008002848                . = ALIGN (0x4)

.rel.dyn        0x0000000008002848        0x0
 .rel.iplt      0x0000000008002848        0x0 c:/st/stm32cubeide_1.9.0/stm32cubeide/plugins/com.st.stm32cube.ide.mcu.externaltools.gnu-tools-for-stm32.10.3-2021.10.win32_1.0.100.202210260954/tools/bin/../lib/gcc/arm-none-eabi/10.3.1/thumb/v7-m/nofp/crtbegin.o

.ARM.extab      0x0000000008002848        0x0
                0x0000000008002848                . = ALIGN (0x4)
 *(.ARM.extab* .gnu.linkonce.armextab.*)
                0x0000000008002848                . = ALIGN (0x4)

.ARM            0x0000000008002848        0x0
                0x0000000008002848                . = ALIGN (0x4)
                0x0000000008002848                __exidx_start = .
 *(.ARM.exidx*)
                0x0000000008002848                __exidx_end = .
                0x0000000008002848                . = ALIGN (0x4)

.preinit_array  0x0000000008002848        0x0
                0x0000000008002848                . = ALIGN (0x4)
                0x0000000008002848                PROVIDE (__preinit_array_start = .)
 *(.preinit_array*)
                0x0000000008002848                PROVIDE (__preinit_array_end = .)
                0x0000000008002848                . = ALIGN (0x4)

.init_array     0x0000000008002848        0x4
                0x0000000008002848                . = ALIGN (0x4)
                0x0000000008002848                PROVIDE (__init_array_start = .)
 *(SORT_BY_NAME(.init_array.*))
 *(.init_array*)
 .init_array    0x0000000008002848        0x4 c:/st/stm32cubeide_1.9.0/stm32cubeide/plugins/com.st.stm32cube.ide.mcu.externaltools.gnu-tools-for-stm32.10.3-2021.10.win32_1.0.100.202210260954/tools/bin/../lib/gcc/arm-none-eabi/10.3.1/thumb/v7-m/nofp/crtbegin.o
                0x000000000800284c                PROVIDE (__init_array_end = .)
                0x000000000800284c                . = ALIGN (0x4)

.fini_array     0x000000000800284c        0x4
                0x000000000800284c                . = ALIGN (0x4)
                [!provide]                        PROVIDE (__fini_array_start = .)
 *(SORT_BY_NAME(.fini_array.*))
 *(.fini_array*)
 .fini_array    0x000000000800284c        0x4 c:/st/stm32cubeide_1.9.0/stm32cubeide/plugins/com.st.stm32cube.ide.mcu.externaltools.gnu-tools-for-stm32.10.3-2021.10.win32_1.0.100.202210260954/tools/bin/../lib/gcc/arm-none-eabi/10.3.1/thumb/v7-m/nofp/crtbegin.o
                [!provide]                        PROVIDE (__fini_array_end = .)
                0x0000000008002850                . = ALIGN (0x4)
                0x0000000008002850                _sidata = LOADADDR (.data)

.data           0x0000000020000000        0xc load address 0x0000000008002850
                0x0000000020000000                . = ALIGN (0x4)
                0x0000000020000000                _sdata = .
 *(.data)
 *(.data*)
 .data.SystemCoreClock
                0x0000000020000000        0x4 ./Core/Src/system_stm32f1xx.o
                0x0000000020000000                SystemCoreClock
 .data.uwTickPrio
                0x0000000020000004        0x4 ./Drivers/STM32F1xx_HAL_Driver/Src/stm32f1xx_hal.o
                0x0000000020000004                uwTickPrio
 .data.uwTickFreq
                0x0000000020000008        0x1 ./Drivers/STM32F1xx_HAL_Driver/Src/stm32f1xx_hal.o
                0x0000000020000008                uwTickFreq
 *(.RamFunc)
 *(.RamFunc*)
                0x000000002000000c                . = ALIGN (0x4)
 *fill*         0x0000000020000009        0x3 
                0x000000002000000c                _edata = .

.igot.plt       0x000000002000000c        0x0 load address 0x000000000800285c
 .igot.plt      0x000000002000000c        0x0 c:/st/stm32cubeide_1.9.0/stm32cubeide/plugins/com.st.stm32cube.ide.mcu.externaltools.gnu-tools-for-stm32.10.3-2021.10.win32_1.0.100.202210260954/tools/bin/../lib/gcc/arm-none-eabi/10.3.1/thumb/v7-m/nofp/crtbegin.o
                0x000000002000000c                . = ALIGN (0x4)

.bss            0x000000002000000c      0x3c4 load address 0x000000000800285c
                0x000000002000000c                _sbss = .
                0x000000002000000c                __bss_start__ = _sbss
 *(.bss)
 .bss           0x000000002000000c       0x1c c:/st/stm32cubeide_1.9.0/stm32cubeide/plugins/com.st.stm32cube.ide.mcu.externaltools.gnu-tools-for-stm32.10.3-2021.10.win32_1.0.100.202210260954/tools/bin/../lib/gcc/arm-none-eabi/10.3.1/thumb/v7-m/nofp/crtbegin.o
 *(.bss*)
 .bss.hcan      0x0000000020000028       0x28 ./Core/Src/main.o
                0x0000000020000028                hcan
 .bss.htim1     0x0000000020000050       0x48 ./Core/Src/main.o
                0x0000000020000050                htim1
 .bss.htim3     0x0000000020000098       0x48 ./Core/Src/main.o
                0x0000000020000098                htim3
 .bss.hpcd_USB_FS
                0x00000000200000e0      0x2ec ./Core/Src/main.o
                0x00000000200000e0                hpcd_USB_FS
 .bss.uwTick    0x00000000200003cc        0x4 ./Drivers/STM32F1xx_HAL_Driver/Src/stm32f1xx_hal.o
                0x00000000200003cc                uwTick
 *(COMMON)
                0x00000000200003d0                . = ALIGN (0x4)
                0x00000000200003d0                _ebss = .
                0x00000000200003d0                __bss_end__ = _ebss

._user_heap_stack
                0x00000000200003d0      0x600 load address 0x000000000800285c
                0x00000000200003d0                . = ALIGN (0x8)
                [!provide]                        PROVIDE (end = .)
                0x00000000200003d0                PROVIDE (_end = .)
                0x00000000200005d0                . = (. + _Min_Heap_Size)
 *fill*         0x00000000200003d0      0x200 
                0x00000000200009d0                . = (. + _Min_Stack_Size)
 *fill*         0x00000000200005d0      0x400 
                0x00000000200009d0                . = ALIGN (0x8)

/DISCARD/
 libc.a(*)
 libm.a(*)
 libgcc.a(*)

.ARM.attributes
                0x0000000000000000       0x29
 *(.ARM.attributes)
 .ARM.attributes
                0x0000000000000000       0x1d c:/st/stm32cubeide_1.9.0/stm32cubeide/plugins/com.st.stm32cube.ide.mcu.externaltools.gnu-tools-for-stm32.10.3-2021.10.win32_1.0.100.202210260954/tools/bin/../lib/gcc/arm-none-eabi/10.3.1/thumb/v7-m/nofp/crti.o
 .ARM.attributes
                0x000000000000001d       0x2d c:/st/stm32cubeide_1.9.0/stm32cubeide/plugins/com.st.stm32cube.ide.mcu.externaltools.gnu-tools-for-stm32.10.3-2021.10.win32_1.0.100.202210260954/tools/bin/../lib/gcc/arm-none-eabi/10.3.1/thumb/v7-m/nofp/crtbegin.o
 .ARM.attributes
                0x000000000000004a       0x2d ./Core/Src/main.o
 .ARM.attributes
                0x0000000000000077       0x2d ./Core/Src/stm32f1xx_hal_msp.o
 .ARM.attributes
                0x00000000000000a4       0x2d ./Core/Src/stm32f1xx_it.o
 .ARM.attributes
                0x00000000000000d1       0x2d ./Core/Src/system_stm32f1xx.o
 .ARM.attributes
                0x00000000000000fe       0x2d ./Core/Src/wrapper.o
 .ARM.attributes
                0x000000000000012b       0x21 ./Core/Startup/startup_stm32f103c6tx.o
 .ARM.attributes
                0x000000000000014c       0x2d ./Drivers/STM32F1xx_HAL_Driver/Src/stm32f1xx_hal.o
 .ARM.attributes
                0x0000000000000179       0x2d ./Drivers/STM32F1xx_HAL_Driver/Src/stm32f1xx_hal_can.o
 .ARM.attributes
                0x00000000000001a6       0x2d ./Drivers/STM32F1xx_HAL_Driver/Src/stm32f1xx_hal_cortex.o
 .ARM.attributes
                0x00000000000001d3       0x2d ./Drivers/STM32F1xx_HAL_Driver/Src/stm32f1xx_hal_gpio.o
 .ARM.attributes
                0x0000000000000200       0x2d ./Drivers/STM32F1xx_HAL_Driver/Src/stm32f1xx_hal_pcd.o
 .ARM.attributes
                0x000000000000022d       0x2d ./Drivers/STM32F1xx_HAL_Driver/Src/stm32f1xx_hal_rcc.o
 .ARM.attributes
                0x000000000000025a       0x2d ./Drivers/STM32F1xx_HAL_Driver/Src/stm32f1xx_hal_rcc_ex.o
 .ARM.attributes
                0x0000000000000287       0x2d ./Drivers/STM32F1xx_HAL_Driver/Src/stm32f1xx_hal_tim.o
 .ARM.attributes
                0x00000000000002b4       0x2d ./Drivers/STM32F1xx_HAL_Driver/Src/stm32f1xx_hal_tim_ex.o
 .ARM.attributes
                0x00000000000002e1       0x2d ./Drivers/STM32F1xx_HAL_Driver/Src/stm32f1xx_ll_usb.o
 .ARM.attributes
                0x000000000000030e       0x2d c:/st/stm32cubeide_1.9.0/stm32cubeide/plugins/com.st.stm32cube.ide.mcu.externaltools.gnu-tools-for-stm32.10.3-2021.10.win32_1.0.100.202210260954/tools/bin/../lib/gcc/arm-none-eabi/10.3.1/../../../../arm-none-eabi/lib/thumb/v7-m/nofp\libc_nano.a(lib_a-init.o)
 .ARM.attributes
                0x000000000000033b       0x2d c:/st/stm32cubeide_1.9.0/stm32cubeide/plugins/com.st.stm32cube.ide.mcu.externaltools.gnu-tools-for-stm32.10.3-2021.10.win32_1.0.100.202210260954/tools/bin/../lib/gcc/arm-none-eabi/10.3.1/../../../../arm-none-eabi/lib/thumb/v7-m/nofp\libc_nano.a(lib_a-memset.o)
 .ARM.attributes
                0x0000000000000368       0x1d c:/st/stm32cubeide_1.9.0/stm32cubeide/plugins/com.st.stm32cube.ide.mcu.externaltools.gnu-tools-for-stm32.10.3-2021.10.win32_1.0.100.202210260954/tools/bin/../lib/gcc/arm-none-eabi/10.3.1/thumb/v7-m/nofp/crtn.o
OUTPUT(mini_DCMDc6.elf elf32-littlearm)
LOAD linker stubs
LOAD c:/st/stm32cubeide_1.9.0/stm32cubeide/plugins/com.st.stm32cube.ide.mcu.externaltools.gnu-tools-for-stm32.10.3-2021.10.win32_1.0.100.202210260954/tools/bin/../lib/gcc/arm-none-eabi/10.3.1/../../../../arm-none-eabi/lib/thumb/v7-m/nofp\libc.a
LOAD c:/st/stm32cubeide_1.9.0/stm32cubeide/plugins/com.st.stm32cube.ide.mcu.externaltools.gnu-tools-for-stm32.10.3-2021.10.win32_1.0.100.202210260954/tools/bin/../lib/gcc/arm-none-eabi/10.3.1/../../../../arm-none-eabi/lib/thumb/v7-m/nofp\libm.a
LOAD c:/st/stm32cubeide_1.9.0/stm32cubeide/plugins/com.st.stm32cube.ide.mcu.externaltools.gnu-tools-for-stm32.10.3-2021.10.win32_1.0.100.202210260954/tools/bin/../lib/gcc/arm-none-eabi/10.3.1/thumb/v7-m/nofp\libgcc.a

.debug_info     0x0000000000000000     0xd7db
 .debug_info    0x0000000000000000     0x1716 ./Core/Src/main.o
 .debug_info    0x0000000000001716     0x138c ./Core/Src/stm32f1xx_hal_msp.o
 .debug_info    0x0000000000002aa2      0x122 ./Core/Src/stm32f1xx_it.o
 .debug_info    0x0000000000002bc4      0x23d ./Core/Src/system_stm32f1xx.o
 .debug_info    0x0000000000002e01      0x6ef ./Core/Src/wrapper.o
 .debug_info    0x00000000000034f0       0x22 ./Core/Startup/startup_stm32f103c6tx.o
 .debug_info    0x0000000000003512      0x716 ./Drivers/STM32F1xx_HAL_Driver/Src/stm32f1xx_hal.o
 .debug_info    0x0000000000003c28      0xfb3 ./Drivers/STM32F1xx_HAL_Driver/Src/stm32f1xx_hal_can.o
 .debug_info    0x0000000000004bdb      0xb02 ./Drivers/STM32F1xx_HAL_Driver/Src/stm32f1xx_hal_cortex.o
 .debug_info    0x00000000000056dd      0x615 ./Drivers/STM32F1xx_HAL_Driver/Src/stm32f1xx_hal_gpio.o
 .debug_info    0x0000000000005cf2     0x16ab ./Drivers/STM32F1xx_HAL_Driver/Src/stm32f1xx_hal_pcd.o
 .debug_info    0x000000000000739d      0x860 ./Drivers/STM32F1xx_HAL_Driver/Src/stm32f1xx_hal_rcc.o
 .debug_info    0x0000000000007bfd      0x3e0 ./Drivers/STM32F1xx_HAL_Driver/Src/stm32f1xx_hal_rcc_ex.o
 .debug_info    0x0000000000007fdd     0x29de ./Drivers/STM32F1xx_HAL_Driver/Src/stm32f1xx_hal_tim.o
 .debug_info    0x000000000000a9bb     0x1513 ./Drivers/STM32F1xx_HAL_Driver/Src/stm32f1xx_hal_tim_ex.o
 .debug_info    0x000000000000bece     0x190d ./Drivers/STM32F1xx_HAL_Driver/Src/stm32f1xx_ll_usb.o

.debug_abbrev   0x0000000000000000     0x1e8a
 .debug_abbrev  0x0000000000000000      0x2e5 ./Core/Src/main.o
 .debug_abbrev  0x00000000000002e5      0x24e ./Core/Src/stm32f1xx_hal_msp.o
 .debug_abbrev  0x0000000000000533       0x74 ./Core/Src/stm32f1xx_it.o
 .debug_abbrev  0x00000000000005a7      0x13b ./Core/Src/system_stm32f1xx.o
 .debug_abbrev  0x00000000000006e2      0x175 ./Core/Src/wrapper.o
 .debug_abbrev  0x0000000000000857       0x12 ./Core/Startup/startup_stm32f103c6tx.o
 .debug_abbrev  0x0000000000000869      0x1fb ./Drivers/STM32F1xx_HAL_Driver/Src/stm32f1xx_hal.o
 .debug_abbrev  0x0000000000000a64      0x20c ./Drivers/STM32F1xx_HAL_Driver/Src/stm32f1xx_hal_can.o
 .debug_abbrev  0x0000000000000c70      0x2ed ./Drivers/STM32F1xx_HAL_Driver/Src/stm32f1xx_hal_cortex.o
 .debug_abbrev  0x0000000000000f5d      0x1bb ./Drivers/STM32F1xx_HAL_Driver/Src/stm32f1xx_hal_gpio.o
 .debug_abbrev  0x0000000000001118      0x2b9 ./Drivers/STM32F1xx_HAL_Driver/Src/stm32f1xx_hal_pcd.o
 .debug_abbrev  0x00000000000013d1      0x2a8 ./Drivers/STM32F1xx_HAL_Driver/Src/stm32f1xx_hal_rcc.o
 .debug_abbrev  0x0000000000001679      0x182 ./Drivers/STM32F1xx_HAL_Driver/Src/stm32f1xx_hal_rcc_ex.o
 .debug_abbrev  0x00000000000017fb      0x25d ./Drivers/STM32F1xx_HAL_Driver/Src/stm32f1xx_hal_tim.o
 .debug_abbrev  0x0000000000001a58      0x265 ./Drivers/STM32F1xx_HAL_Driver/Src/stm32f1xx_hal_tim_ex.o
 .debug_abbrev  0x0000000000001cbd      0x1cd ./Drivers/STM32F1xx_HAL_Driver/Src/stm32f1xx_ll_usb.o

.debug_aranges  0x0000000000000000      0xd20
 .debug_aranges
                0x0000000000000000       0x58 ./Core/Src/main.o
 .debug_aranges
                0x0000000000000058       0x68 ./Core/Src/stm32f1xx_hal_msp.o
 .debug_aranges
                0x00000000000000c0       0x60 ./Core/Src/stm32f1xx_it.o
 .debug_aranges
                0x0000000000000120       0x28 ./Core/Src/system_stm32f1xx.o
 .debug_aranges
                0x0000000000000148       0x20 ./Core/Src/wrapper.o
 .debug_aranges
                0x0000000000000168       0x28 ./Core/Startup/startup_stm32f103c6tx.o
 .debug_aranges
                0x0000000000000190       0xe0 ./Drivers/STM32F1xx_HAL_Driver/Src/stm32f1xx_hal.o
 .debug_aranges
                0x0000000000000270      0x138 ./Drivers/STM32F1xx_HAL_Driver/Src/stm32f1xx_hal_can.o
 .debug_aranges
                0x00000000000003a8      0x100 ./Drivers/STM32F1xx_HAL_Driver/Src/stm32f1xx_hal_cortex.o
 .debug_aranges
                0x00000000000004a8       0x58 ./Drivers/STM32F1xx_HAL_Driver/Src/stm32f1xx_hal_gpio.o
 .debug_aranges
                0x0000000000000500      0x138 ./Drivers/STM32F1xx_HAL_Driver/Src/stm32f1xx_hal_pcd.o
 .debug_aranges
                0x0000000000000638       0x90 ./Drivers/STM32F1xx_HAL_Driver/Src/stm32f1xx_hal_rcc.o
 .debug_aranges
                0x00000000000006c8       0x30 ./Drivers/STM32F1xx_HAL_Driver/Src/stm32f1xx_hal_rcc_ex.o
 .debug_aranges
                0x00000000000006f8      0x3d0 ./Drivers/STM32F1xx_HAL_Driver/Src/stm32f1xx_hal_tim.o
 .debug_aranges
                0x0000000000000ac8      0x168 ./Drivers/STM32F1xx_HAL_Driver/Src/stm32f1xx_hal_tim_ex.o
 .debug_aranges
                0x0000000000000c30       0xf0 ./Drivers/STM32F1xx_HAL_Driver/Src/stm32f1xx_ll_usb.o

.debug_ranges   0x0000000000000000      0xc28
 .debug_ranges  0x0000000000000000       0x48 ./Core/Src/main.o
 .debug_ranges  0x0000000000000048       0x58 ./Core/Src/stm32f1xx_hal_msp.o
 .debug_ranges  0x00000000000000a0       0x50 ./Core/Src/stm32f1xx_it.o
 .debug_ranges  0x00000000000000f0       0x18 ./Core/Src/system_stm32f1xx.o
 .debug_ranges  0x0000000000000108       0x10 ./Core/Src/wrapper.o
 .debug_ranges  0x0000000000000118       0x20 ./Core/Startup/startup_stm32f103c6tx.o
 .debug_ranges  0x0000000000000138       0xd0 ./Drivers/STM32F1xx_HAL_Driver/Src/stm32f1xx_hal.o
 .debug_ranges  0x0000000000000208      0x128 ./Drivers/STM32F1xx_HAL_Driver/Src/stm32f1xx_hal_can.o
 .debug_ranges  0x0000000000000330       0xf0 ./Drivers/STM32F1xx_HAL_Driver/Src/stm32f1xx_hal_cortex.o
 .debug_ranges  0x0000000000000420       0x48 ./Drivers/STM32F1xx_HAL_Driver/Src/stm32f1xx_hal_gpio.o
 .debug_ranges  0x0000000000000468      0x128 ./Drivers/STM32F1xx_HAL_Driver/Src/stm32f1xx_hal_pcd.o
 .debug_ranges  0x0000000000000590       0x80 ./Drivers/STM32F1xx_HAL_Driver/Src/stm32f1xx_hal_rcc.o
 .debug_ranges  0x0000000000000610       0x20 ./Drivers/STM32F1xx_HAL_Driver/Src/stm32f1xx_hal_rcc_ex.o
 .debug_ranges  0x0000000000000630      0x3c0 ./Drivers/STM32F1xx_HAL_Driver/Src/stm32f1xx_hal_tim.o
 .debug_ranges  0x00000000000009f0      0x158 ./Drivers/STM32F1xx_HAL_Driver/Src/stm32f1xx_hal_tim_ex.o
 .debug_ranges  0x0000000000000b48       0xe0 ./Drivers/STM32F1xx_HAL_Driver/Src/stm32f1xx_ll_usb.o

.debug_macro    0x0000000000000000    0x18d26
 .debug_macro   0x0000000000000000      0x1d5 ./Core/Src/main.o
 .debug_macro   0x00000000000001d5      0xa6c ./Core/Src/main.o
 .debug_macro   0x0000000000000c41      0x221 ./Core/Src/main.o
 .debug_macro   0x0000000000000e62       0x2e ./Core/Src/main.o
 .debug_macro   0x0000000000000e90       0x22 ./Core/Src/main.o
 .debug_macro   0x0000000000000eb2       0x22 ./Core/Src/main.o
 .debug_macro   0x0000000000000ed4       0x8e ./Core/Src/main.o
 .debug_macro   0x0000000000000f62       0x51 ./Core/Src/main.o
 .debug_macro   0x0000000000000fb3      0x103 ./Core/Src/main.o
 .debug_macro   0x00000000000010b6       0x6a ./Core/Src/main.o
 .debug_macro   0x0000000000001120      0x1df ./Core/Src/main.o
 .debug_macro   0x00000000000012ff       0x1c ./Core/Src/main.o
 .debug_macro   0x000000000000131b       0x22 ./Core/Src/main.o
 .debug_macro   0x000000000000133d       0xbd ./Core/Src/main.o
 .debug_macro   0x00000000000013fa      0xd23 ./Core/Src/main.o
 .debug_macro   0x000000000000211d     0xde75 ./Core/Src/main.o
 .debug_macro   0x000000000000ff92       0x6d ./Core/Src/main.o
 .debug_macro   0x000000000000ffff     0x3468 ./Core/Src/main.o
 .debug_macro   0x0000000000013467      0x174 ./Core/Src/main.o
 .debug_macro   0x00000000000135db       0x5c ./Core/Src/main.o
 .debug_macro   0x0000000000013637      0x5be ./Core/Src/main.o
 .debug_macro   0x0000000000013bf5      0x1b7 ./Core/Src/main.o
 .debug_macro   0x0000000000013dac      0x1cb ./Core/Src/main.o
 .debug_macro   0x0000000000013f77      0x114 ./Core/Src/main.o
 .debug_macro   0x000000000001408b      0x1b2 ./Core/Src/main.o
 .debug_macro   0x000000000001423d       0x27 ./Core/Src/main.o
 .debug_macro   0x0000000000014264      0x12f ./Core/Src/main.o
 .debug_macro   0x0000000000014393      0x1bc ./Core/Src/main.o
 .debug_macro   0x000000000001454f       0x34 ./Core/Src/main.o
 .debug_macro   0x0000000000014583       0x3c ./Core/Src/main.o
 .debug_macro   0x00000000000145bf      0x408 ./Core/Src/main.o
 .debug_macro   0x00000000000149c7       0x57 ./Core/Src/main.o
 .debug_macro   0x0000000000014a1e       0x88 ./Core/Src/main.o
 .debug_macro   0x0000000000014aa6      0x183 ./Core/Src/main.o
 .debug_macro   0x0000000000014c29      0x141 ./Core/Src/main.o
 .debug_macro   0x0000000000014d6a      0x8d1 ./Core/Src/main.o
 .debug_macro   0x000000000001563b       0x65 ./Core/Src/main.o
 .debug_macro   0x00000000000156a0      0x249 ./Core/Src/main.o
 .debug_macro   0x00000000000158e9       0x69 ./Core/Src/main.o
 .debug_macro   0x0000000000015952       0x10 ./Core/Src/main.o
 .debug_macro   0x0000000000015962      0x1d5 ./Core/Src/stm32f1xx_hal_msp.o
 .debug_macro   0x0000000000015b37      0x1df ./Core/Src/stm32f1xx_it.o
 .debug_macro   0x0000000000015d16      0x1c6 ./Core/Src/system_stm32f1xx.o
 .debug_macro   0x0000000000015edc      0x1da ./Core/Src/wrapper.o
 .debug_macro   0x00000000000160b6      0xb44 ./Core/Src/wrapper.o
 .debug_macro   0x0000000000016bfa       0x1c ./Core/Src/wrapper.o
 .debug_macro   0x0000000000016c16      0xd23 ./Core/Src/wrapper.o
 .debug_macro   0x0000000000017939      0x17b ./Core/Src/wrapper.o
 .debug_macro   0x0000000000017ab4      0x1ea ./Drivers/STM32F1xx_HAL_Driver/Src/stm32f1xx_hal.o
 .debug_macro   0x0000000000017c9e      0x1ce ./Drivers/STM32F1xx_HAL_Driver/Src/stm32f1xx_hal_can.o
 .debug_macro   0x0000000000017e6c      0x1c6 ./Drivers/STM32F1xx_HAL_Driver/Src/stm32f1xx_hal_cortex.o
 .debug_macro   0x0000000000018032      0x231 ./Drivers/STM32F1xx_HAL_Driver/Src/stm32f1xx_hal_gpio.o
 .debug_macro   0x0000000000018263      0x1d2 ./Drivers/STM32F1xx_HAL_Driver/Src/stm32f1xx_hal_pcd.o
 .debug_macro   0x0000000000018435      0x1d8 ./Drivers/STM32F1xx_HAL_Driver/Src/stm32f1xx_hal_rcc.o
 .debug_macro   0x000000000001860d      0x1c6 ./Drivers/STM32F1xx_HAL_Driver/Src/stm32f1xx_hal_rcc_ex.o
 .debug_macro   0x00000000000187d3      0x1c7 ./Drivers/STM32F1xx_HAL_Driver/Src/stm32f1xx_hal_tim.o
 .debug_macro   0x000000000001899a      0x1c6 ./Drivers/STM32F1xx_HAL_Driver/Src/stm32f1xx_hal_tim_ex.o
 .debug_macro   0x0000000000018b60      0x1c6 ./Drivers/STM32F1xx_HAL_Driver/Src/stm32f1xx_ll_usb.o

.debug_line     0x0000000000000000     0xdbad
 .debug_line    0x0000000000000000      0x8cd ./Core/Src/main.o
 .debug_line    0x00000000000008cd      0x7f6 ./Core/Src/stm32f1xx_hal_msp.o
 .debug_line    0x00000000000010c3      0x77e ./Core/Src/stm32f1xx_it.o
 .debug_line    0x0000000000001841      0x73a ./Core/Src/system_stm32f1xx.o
 .debug_line    0x0000000000001f7b      0x6bd ./Core/Src/wrapper.o
 .debug_line    0x0000000000002638       0x87 ./Core/Startup/startup_stm32f103c6tx.o
 .debug_line    0x00000000000026bf      0x967 ./Drivers/STM32F1xx_HAL_Driver/Src/stm32f1xx_hal.o
 .debug_line    0x0000000000003026     0x1108 ./Drivers/STM32F1xx_HAL_Driver/Src/stm32f1xx_hal_can.o
 .debug_line    0x000000000000412e      0xb4f ./Drivers/STM32F1xx_HAL_Driver/Src/stm32f1xx_hal_cortex.o
 .debug_line    0x0000000000004c7d      0x9e9 ./Drivers/STM32F1xx_HAL_Driver/Src/stm32f1xx_hal_gpio.o
 .debug_line    0x0000000000005666     0x1355 ./Drivers/STM32F1xx_HAL_Driver/Src/stm32f1xx_hal_pcd.o
 .debug_line    0x00000000000069bb      0xd75 ./Drivers/STM32F1xx_HAL_Driver/Src/stm32f1xx_hal_rcc.o
 .debug_line    0x0000000000007730      0x8b3 ./Drivers/STM32F1xx_HAL_Driver/Src/stm32f1xx_hal_rcc_ex.o
 .debug_line    0x0000000000007fe3     0x32d3 ./Drivers/STM32F1xx_HAL_Driver/Src/stm32f1xx_hal_tim.o
 .debug_line    0x000000000000b2b6     0x185d ./Drivers/STM32F1xx_HAL_Driver/Src/stm32f1xx_hal_tim_ex.o
 .debug_line    0x000000000000cb13     0x109a ./Drivers/STM32F1xx_HAL_Driver/Src/stm32f1xx_ll_usb.o

.debug_str      0x0000000000000000    0x87ddd
 .debug_str     0x0000000000000000    0x8488e ./Core/Src/main.o
                                      0x84d93 (size before relaxing)
 .debug_str     0x000000000008488e      0x120 ./Core/Src/stm32f1xx_hal_msp.o
                                      0x84953 (size before relaxing)
 .debug_str     0x00000000000849ae       0xc9 ./Core/Src/stm32f1xx_it.o
                                      0x83e2d (size before relaxing)
 .debug_str     0x0000000000084a77       0x7e ./Core/Src/system_stm32f1xx.o
                                      0x83e13 (size before relaxing)
 .debug_str     0x0000000000084af5      0x7c3 ./Core/Src/wrapper.o
                                      0x84866 (size before relaxing)
 .debug_str     0x00000000000852b8       0x36 ./Core/Startup/startup_stm32f103c6tx.o
                                         0x72 (size before relaxing)
 .debug_str     0x00000000000852ee      0x5cd ./Drivers/STM32F1xx_HAL_Driver/Src/stm32f1xx_hal.o
                                      0x8450c (size before relaxing)
 .debug_str     0x00000000000858bb      0x568 ./Drivers/STM32F1xx_HAL_Driver/Src/stm32f1xx_hal_can.o
                                      0x84613 (size before relaxing)
 .debug_str     0x0000000000085e23      0x293 ./Drivers/STM32F1xx_HAL_Driver/Src/stm32f1xx_hal_cortex.o
                                      0x84458 (size before relaxing)
 .debug_str     0x00000000000860b6      0x2e6 ./Drivers/STM32F1xx_HAL_Driver/Src/stm32f1xx_hal_gpio.o
                                      0x84199 (size before relaxing)
 .debug_str     0x000000000008639c      0x55a ./Drivers/STM32F1xx_HAL_Driver/Src/stm32f1xx_hal_pcd.o
                                      0x846eb (size before relaxing)
 .debug_str     0x00000000000868f6      0x229 ./Drivers/STM32F1xx_HAL_Driver/Src/stm32f1xx_hal_rcc.o
                                      0x84242 (size before relaxing)
 .debug_str     0x0000000000086b1f       0x9f ./Drivers/STM32F1xx_HAL_Driver/Src/stm32f1xx_hal_rcc_ex.o
                                      0x83f92 (size before relaxing)
 .debug_str     0x0000000000086bbe      0xd16 ./Drivers/STM32F1xx_HAL_Driver/Src/stm32f1xx_hal_tim.o
                                      0x8522d (size before relaxing)
 .debug_str     0x00000000000878d4      0x3e1 ./Drivers/STM32F1xx_HAL_Driver/Src/stm32f1xx_hal_tim_ex.o
                                      0x84a49 (size before relaxing)
 .debug_str     0x0000000000087cb5      0x128 ./Drivers/STM32F1xx_HAL_Driver/Src/stm32f1xx_ll_usb.o
                                      0x842ba (size before relaxing)

.comment        0x0000000000000000       0x50
 .comment       0x0000000000000000       0x50 ./Core/Src/main.o
                                         0x51 (size before relaxing)
 .comment       0x0000000000000050       0x51 ./Core/Src/stm32f1xx_hal_msp.o
 .comment       0x0000000000000050       0x51 ./Core/Src/stm32f1xx_it.o
 .comment       0x0000000000000050       0x51 ./Core/Src/system_stm32f1xx.o
 .comment       0x0000000000000050       0x51 ./Core/Src/wrapper.o
 .comment       0x0000000000000050       0x51 ./Drivers/STM32F1xx_HAL_Driver/Src/stm32f1xx_hal.o
 .comment       0x0000000000000050       0x51 ./Drivers/STM32F1xx_HAL_Driver/Src/stm32f1xx_hal_can.o
 .comment       0x0000000000000050       0x51 ./Drivers/STM32F1xx_HAL_Driver/Src/stm32f1xx_hal_cortex.o
 .comment       0x0000000000000050       0x51 ./Drivers/STM32F1xx_HAL_Driver/Src/stm32f1xx_hal_gpio.o
 .comment       0x0000000000000050       0x51 ./Drivers/STM32F1xx_HAL_Driver/Src/stm32f1xx_hal_pcd.o
 .comment       0x0000000000000050       0x51 ./Drivers/STM32F1xx_HAL_Driver/Src/stm32f1xx_hal_rcc.o
 .comment       0x0000000000000050       0x51 ./Drivers/STM32F1xx_HAL_Driver/Src/stm32f1xx_hal_rcc_ex.o
 .comment       0x0000000000000050       0x51 ./Drivers/STM32F1xx_HAL_Driver/Src/stm32f1xx_hal_tim.o
 .comment       0x0000000000000050       0x51 ./Drivers/STM32F1xx_HAL_Driver/Src/stm32f1xx_hal_tim_ex.o
 .comment       0x0000000000000050       0x51 ./Drivers/STM32F1xx_HAL_Driver/Src/stm32f1xx_ll_usb.o

.debug_frame    0x0000000000000000     0x370c
 .debug_frame   0x0000000000000000      0x10c ./Core/Src/main.o
 .debug_frame   0x000000000000010c      0x18c ./Core/Src/stm32f1xx_hal_msp.o
 .debug_frame   0x0000000000000298      0x104 ./Core/Src/stm32f1xx_it.o
 .debug_frame   0x000000000000039c       0x58 ./Core/Src/system_stm32f1xx.o
 .debug_frame   0x00000000000003f4       0x2c ./Core/Src/wrapper.o
 .debug_frame   0x0000000000000420      0x334 ./Drivers/STM32F1xx_HAL_Driver/Src/stm32f1xx_hal.o
 .debug_frame   0x0000000000000754      0x5a0 ./Drivers/STM32F1xx_HAL_Driver/Src/stm32f1xx_hal_can.o
 .debug_frame   0x0000000000000cf4      0x428 ./Drivers/STM32F1xx_HAL_Driver/Src/stm32f1xx_hal_cortex.o
 .debug_frame   0x000000000000111c      0x14c ./Drivers/STM32F1xx_HAL_Driver/Src/stm32f1xx_hal_gpio.o
 .debug_frame   0x0000000000001268      0x578 ./Drivers/STM32F1xx_HAL_Driver/Src/stm32f1xx_hal_pcd.o
 .debug_frame   0x00000000000017e0      0x21c ./Drivers/STM32F1xx_HAL_Driver/Src/stm32f1xx_hal_rcc.o
 .debug_frame   0x00000000000019fc       0x84 ./Drivers/STM32F1xx_HAL_Driver/Src/stm32f1xx_hal_rcc_ex.o
 .debug_frame   0x0000000000001a80     0x11b8 ./Drivers/STM32F1xx_HAL_Driver/Src/stm32f1xx_hal_tim.o
 .debug_frame   0x0000000000002c38      0x638 ./Drivers/STM32F1xx_HAL_Driver/Src/stm32f1xx_hal_tim_ex.o
 .debug_frame   0x0000000000003270      0x450 ./Drivers/STM32F1xx_HAL_Driver/Src/stm32f1xx_ll_usb.o
 .debug_frame   0x00000000000036c0       0x2c c:/st/stm32cubeide_1.9.0/stm32cubeide/plugins/com.st.stm32cube.ide.mcu.externaltools.gnu-tools-for-stm32.10.3-2021.10.win32_1.0.100.202210260954/tools/bin/../lib/gcc/arm-none-eabi/10.3.1/../../../../arm-none-eabi/lib/thumb/v7-m/nofp\libc_nano.a(lib_a-init.o)
 .debug_frame   0x00000000000036ec       0x20 c:/st/stm32cubeide_1.9.0/stm32cubeide/plugins/com.st.stm32cube.ide.mcu.externaltools.gnu-tools-for-stm32.10.3-2021.10.win32_1.0.100.202210260954/tools/bin/../lib/gcc/arm-none-eabi/10.3.1/../../../../arm-none-eabi/lib/thumb/v7-m/nofp\libc_nano.a(lib_a-memset.o)
