../Core/Src/stm32f1xx_hal_msp.c:65:6:HAL_MspInit	8	static
../Core/Src/stm32f1xx_hal_msp.c:91:6:HAL_CAN_MspInit	32	static
../Core/Src/stm32f1xx_hal_msp.c:132:6:HAL_CAN_MspDeInit	0	static
../Core/Src/stm32f1xx_hal_msp.c:161:6:HAL_SPI_MspInit	32	static
../Core/Src/stm32f1xx_hal_msp.c:201:6:HAL_SPI_MspDeInit	0	static
../Core/Src/stm32f1xx_hal_msp.c:231:6:HAL_TIM_Base_MspInit	8	static
../Core/Src/stm32f1xx_hal_msp.c:253:6:HAL_TIM_Encoder_MspInit	32	static
../Core/Src/stm32f1xx_hal_msp.c:283:6:HAL_TIM_MspPostInit	32	static
../Core/Src/stm32f1xx_hal_msp.c:314:6:HAL_TIM_Base_MspDeInit	0	static
../Core/Src/stm32f1xx_hal_msp.c:336:6:HAL_TIM_Encoder_MspDeInit	0	static
../Core/Src/stm32f1xx_hal_msp.c:365:6:HAL_UART_MspInit	32	static
../Core/Src/stm32f1xx_hal_msp.c:404:6:HAL_UART_MspDeInit	0	static
../Core/Src/stm32f1xx_hal_msp.c:433:6:HAL_PCD_MspInit	8	static
../Core/Src/stm32f1xx_hal_msp.c:455:6:HAL_PCD_MspDeInit	0	static
