../Core/Inc/../ykc_lib/STMlib/CanCtrl.hpp:38:1:CanCtrl::CanCtrl()	8	static
../Core/Inc/../ykc_lib/STMlib/CanCtrl.hpp:57:6:void CanCtrl::SetBID(uint32_t)	0	static
../Core/Inc/../ykc_lib/STMlib/CanCtrl.hpp:63:10:uint32_t CanCtrl::GetBID()	0	static
../Core/Inc/../ykc_lib/STMlib/CanCtrl.hpp:67:6:bool CanCtrl::Cantx(uint32_t, uint8_t*)	24	static
../Core/Inc/../ykc_lib/STMlib/CanCtrl.hpp:95:6:std::optional<std::array<unsigned char, 8> > CanCtrl::Canrx()	32	static
../Core/Inc/../ykc_lib/STMlib/CanCtrl.hpp:109:6:bool CanCtrl::Canrx(uint32_t&, uint8_t*)	16	static
../Core/Inc/../ykc_lib/STMlib/CanCtrl.hpp:122:6:void CanCtrl::Canrx(uint8_t*, bool&)	8	static
../Core/Inc/../ykc_lib/STMlib/SPICtrl.hpp:15:6:bool MPU9250(uint8_t*, uint8_t)	32	static
../Core/Src/wrapper.cpp:21:6:void main_cpp()	136	static
